{
  "value": "Clearly, this is not a valid connection string"
}