{
  "softDeleted": "2025-07-28T01:02:03+00:00",
  "softDeletePending": "2025-07-28T03:04:05+00:00",
  "hardDeletePending": "2025-07-28T02:03:04+00:00"
}