{
  "fileLength": 1,
  "height": 2,
  "width": 3
}