{
  "id": 0,
  "text": "",
  "fileClassifications": [
    {
      "id": 1,
      "name": "",
      "fileDetails": [],
      "celebrity": false,
      "fileNameParts": []
    }
  ]
}